2022/01/12 00:48:33 /Users/iwasakiatsuki/Desktop/Goproject/log_statement_lesson.go:22: Exit open hogehoge: no such file or directory
